🔍 开始每日 Skills 发现 - 2026-02-07
================================================

🔎 搜索关键词: devops
🔎 搜索关键词: sysadmin
🔎 搜索关键词: linux
🔎 搜索关键词: nginx
🔎 搜索关键词: mysql
🔎 搜索关键词: postgresql
🔎 搜索关键词: redis
🔎 搜索关键词: mongodb
🔎 搜索关键词: docker
🔎 搜索关键词: kubernetes
🔎 搜索关键词: ansible
🔎 搜索关键词: terraform
🔎 搜索关键词: prometheus
🔎 搜索关键词: grafana
🔎 搜索关键词: monitoring
🔎 搜索关键词: security
🔎 搜索关键词: backup
🔎 搜索关键词: incident
🔎 搜索关键词: troubleshooting

✅ 搜索完成！
📊 未发现新的官方 skills

📝 日志保存在: /home/mm/devops-skills-collection/logs/discovery-2026-02-07.log
